../Drivers/BSP/Components/h3lis331dl/h3lis331dl_reg.c:48:16:h3lis331dl_read_reg	40	static
../Drivers/BSP/Components/h3lis331dl/h3lis331dl_reg.c:71:16:h3lis331dl_write_reg	40	static
../Drivers/BSP/Components/h3lis331dl/h3lis331dl_reg.c:96:9:h3lis331dl_from_fs100_to_mg	16	static
../Drivers/BSP/Components/h3lis331dl/h3lis331dl_reg.c:101:9:h3lis331dl_from_fs200_to_mg	16	static
../Drivers/BSP/Components/h3lis331dl/h3lis331dl_reg.c:106:9:h3lis331dl_from_fs400_to_mg	16	static
../Drivers/BSP/Components/h3lis331dl/h3lis331dl_reg.c:132:9:h3lis331dl_axis_x_data_set	24	static
../Drivers/BSP/Components/h3lis331dl/h3lis331dl_reg.c:158:9:h3lis331dl_axis_x_data_get	24	static
../Drivers/BSP/Components/h3lis331dl/h3lis331dl_reg.c:178:9:h3lis331dl_axis_y_data_set	24	static
../Drivers/BSP/Components/h3lis331dl/h3lis331dl_reg.c:204:9:h3lis331dl_axis_y_data_get	24	static
../Drivers/BSP/Components/h3lis331dl/h3lis331dl_reg.c:224:9:h3lis331dl_axis_z_data_set	24	static
../Drivers/BSP/Components/h3lis331dl/h3lis331dl_reg.c:250:9:h3lis331dl_axis_z_data_get	24	static
../Drivers/BSP/Components/h3lis331dl/h3lis331dl_reg.c:270:9:h3lis331dl_data_rate_set	24	static
../Drivers/BSP/Components/h3lis331dl/h3lis331dl_reg.c:298:9:h3lis331dl_data_rate_get	24	static
../Drivers/BSP/Components/h3lis331dl/h3lis331dl_reg.c:365:9:h3lis331dl_reference_mode_set	24	static
../Drivers/BSP/Components/h3lis331dl/h3lis331dl_reg.c:392:9:h3lis331dl_reference_mode_get	24	static
../Drivers/BSP/Components/h3lis331dl/h3lis331dl_reg.c:427:9:h3lis331dl_full_scale_set	24	static
../Drivers/BSP/Components/h3lis331dl/h3lis331dl_reg.c:454:9:h3lis331dl_full_scale_get	24	static
../Drivers/BSP/Components/h3lis331dl/h3lis331dl_reg.c:493:9:h3lis331dl_block_data_update_set	24	static
../Drivers/BSP/Components/h3lis331dl/h3lis331dl_reg.c:520:9:h3lis331dl_block_data_update_get	24	static
../Drivers/BSP/Components/h3lis331dl/h3lis331dl_reg.c:541:9:h3lis331dl_status_reg_get	24	static
../Drivers/BSP/Components/h3lis331dl/h3lis331dl_reg.c:560:9:h3lis331dl_flag_data_ready_get	24	static
../Drivers/BSP/Components/h3lis331dl/h3lis331dl_reg.c:594:9:h3lis331dl_acceleration_raw_get	32	static
../Drivers/BSP/Components/h3lis331dl/h3lis331dl_reg.c:631:9:h3lis331dl_device_id_get	24	static
../Drivers/BSP/Components/h3lis331dl/h3lis331dl_reg.c:648:9:h3lis331dl_boot_set	24	static
../Drivers/BSP/Components/h3lis331dl/h3lis331dl_reg.c:674:9:h3lis331dl_boot_get	24	static
../Drivers/BSP/Components/h3lis331dl/h3lis331dl_reg.c:694:9:h3lis331dl_data_format_set	24	static
../Drivers/BSP/Components/h3lis331dl/h3lis331dl_reg.c:721:9:h3lis331dl_data_format_get	24	static
../Drivers/BSP/Components/h3lis331dl/h3lis331dl_reg.c:769:9:h3lis331dl_hp_bandwidth_set	24	static
../Drivers/BSP/Components/h3lis331dl/h3lis331dl_reg.c:796:9:h3lis331dl_hp_bandwidth_get	24	static
../Drivers/BSP/Components/h3lis331dl/h3lis331dl_reg.c:839:9:h3lis331dl_hp_path_set	24	static
../Drivers/BSP/Components/h3lis331dl/h3lis331dl_reg.c:867:9:h3lis331dl_hp_path_get	24	static
../Drivers/BSP/Components/h3lis331dl/h3lis331dl_reg.c:930:9:h3lis331dl_hp_reset_get	24	static
../Drivers/BSP/Components/h3lis331dl/h3lis331dl_reg.c:949:9:h3lis331dl_hp_reference_value_set	24	static
../Drivers/BSP/Components/h3lis331dl/h3lis331dl_reg.c:967:9:h3lis331dl_hp_reference_value_get	24	static
../Drivers/BSP/Components/h3lis331dl/h3lis331dl_reg.c:998:9:h3lis331dl_spi_mode_set	24	static
../Drivers/BSP/Components/h3lis331dl/h3lis331dl_reg.c:1025:9:h3lis331dl_spi_mode_get	24	static
../Drivers/BSP/Components/h3lis331dl/h3lis331dl_reg.c:1073:9:h3lis331dl_pin_int1_route_set	24	static
../Drivers/BSP/Components/h3lis331dl/h3lis331dl_reg.c:1100:9:h3lis331dl_pin_int1_route_get	24	static
../Drivers/BSP/Components/h3lis331dl/h3lis331dl_reg.c:1144:9:h3lis331dl_int1_notification_set	24	static
../Drivers/BSP/Components/h3lis331dl/h3lis331dl_reg.c:1172:9:h3lis331dl_int1_notification_get	24	static
../Drivers/BSP/Components/h3lis331dl/h3lis331dl_reg.c:1207:9:h3lis331dl_pin_int2_route_set	24	static
../Drivers/BSP/Components/h3lis331dl/h3lis331dl_reg.c:1234:9:h3lis331dl_pin_int2_route_get	24	static
../Drivers/BSP/Components/h3lis331dl/h3lis331dl_reg.c:1278:9:h3lis331dl_int2_notification_set	24	static
../Drivers/BSP/Components/h3lis331dl/h3lis331dl_reg.c:1306:9:h3lis331dl_int2_notification_get	24	static
../Drivers/BSP/Components/h3lis331dl/h3lis331dl_reg.c:1341:9:h3lis331dl_pin_mode_set	24	static
../Drivers/BSP/Components/h3lis331dl/h3lis331dl_reg.c:1368:9:h3lis331dl_pin_mode_get	24	static
../Drivers/BSP/Components/h3lis331dl/h3lis331dl_reg.c:1403:9:h3lis331dl_pin_polarity_set	24	static
../Drivers/BSP/Components/h3lis331dl/h3lis331dl_reg.c:1430:9:h3lis331dl_pin_polarity_get	24	static
../Drivers/BSP/Components/h3lis331dl/h3lis331dl_reg.c:1478:9:h3lis331dl_int1_on_threshold_conf_set	24	static
../Drivers/BSP/Components/h3lis331dl/h3lis331dl_reg.c:1510:9:h3lis331dl_int1_on_threshold_conf_get	24	static
../Drivers/BSP/Components/h3lis331dl/h3lis331dl_reg.c:1536:9:h3lis331dl_int1_on_threshold_mode_set	24	static
../Drivers/BSP/Components/h3lis331dl/h3lis331dl_reg.c:1563:9:h3lis331dl_int1_on_threshold_mode_get	24	static
../Drivers/BSP/Components/h3lis331dl/h3lis331dl_reg.c:1598:9:h3lis331dl_int1_src_get	24	static
../Drivers/BSP/Components/h3lis331dl/h3lis331dl_reg.c:1616:9:h3lis331dl_int1_threshold_set	24	static
../Drivers/BSP/Components/h3lis331dl/h3lis331dl_reg.c:1642:9:h3lis331dl_int1_threshold_get	24	static
../Drivers/BSP/Components/h3lis331dl/h3lis331dl_reg.c:1662:9:h3lis331dl_int1_dur_set	24	static
../Drivers/BSP/Components/h3lis331dl/h3lis331dl_reg.c:1688:9:h3lis331dl_int1_dur_get	24	static
../Drivers/BSP/Components/h3lis331dl/h3lis331dl_reg.c:1708:9:h3lis331dl_int2_on_threshold_conf_set	24	static
../Drivers/BSP/Components/h3lis331dl/h3lis331dl_reg.c:1740:9:h3lis331dl_int2_on_threshold_conf_get	24	static
../Drivers/BSP/Components/h3lis331dl/h3lis331dl_reg.c:1766:9:h3lis331dl_int2_on_threshold_mode_set	24	static
../Drivers/BSP/Components/h3lis331dl/h3lis331dl_reg.c:1793:9:h3lis331dl_int2_on_threshold_mode_get	24	static
../Drivers/BSP/Components/h3lis331dl/h3lis331dl_reg.c:1828:9:h3lis331dl_int2_src_get	24	static
../Drivers/BSP/Components/h3lis331dl/h3lis331dl_reg.c:1846:9:h3lis331dl_int2_threshold_set	24	static
../Drivers/BSP/Components/h3lis331dl/h3lis331dl_reg.c:1872:9:h3lis331dl_int2_threshold_get	24	static
../Drivers/BSP/Components/h3lis331dl/h3lis331dl_reg.c:1892:9:h3lis331dl_int2_dur_set	24	static
../Drivers/BSP/Components/h3lis331dl/h3lis331dl_reg.c:1918:9:h3lis331dl_int2_dur_get	24	static
../Drivers/BSP/Components/h3lis331dl/h3lis331dl_reg.c:1951:9:h3lis331dl_wkup_to_sleep_set	24	static
../Drivers/BSP/Components/h3lis331dl/h3lis331dl_reg.c:1977:9:h3lis331dl_wkup_to_sleep_get	24	static
