../Drivers/BSP/Components/h3lis331dl/h3lis331dl.c:85:9:H3LIS331DL_RegisterBusIO	24	static
../Drivers/BSP/Components/h3lis331dl/h3lis331dl.c:141:9:H3LIS331DL_Init	16	static
../Drivers/BSP/Components/h3lis331dl/h3lis331dl.c:174:9:H3LIS331DL_DeInit	16	static
../Drivers/BSP/Components/h3lis331dl/h3lis331dl.c:196:9:H3LIS331DL_ReadID	16	static
../Drivers/BSP/Components/h3lis331dl/h3lis331dl.c:212:9:H3LIS331DL_GetCapabilities	16	static
../Drivers/BSP/Components/h3lis331dl/h3lis331dl.c:235:9:H3LIS331DL_ACC_Enable	16	static
../Drivers/BSP/Components/h3lis331dl/h3lis331dl.c:259:9:H3LIS331DL_ACC_Disable	16	static
../Drivers/BSP/Components/h3lis331dl/h3lis331dl.c:290:9:H3LIS331DL_ACC_GetSensitivity	24	static
../Drivers/BSP/Components/h3lis331dl/h3lis331dl.c:330:9:H3LIS331DL_ACC_GetOutputDataRate	24	static
../Drivers/BSP/Components/h3lis331dl/h3lis331dl.c:398:9:H3LIS331DL_ACC_SetOutputDataRate	16	static
../Drivers/BSP/Components/h3lis331dl/h3lis331dl.c:417:9:H3LIS331DL_ACC_GetFullScale	24	static
../Drivers/BSP/Components/h3lis331dl/h3lis331dl.c:457:9:H3LIS331DL_ACC_SetFullScale	24	static
../Drivers/BSP/Components/h3lis331dl/h3lis331dl.c:481:9:H3LIS331DL_ACC_GetAxesRaw	24	static
../Drivers/BSP/Components/h3lis331dl/h3lis331dl.c:511:9:H3LIS331DL_ACC_GetAxes	32	static
../Drivers/BSP/Components/h3lis331dl/h3lis331dl.c:543:9:H3LIS331DL_Read_Reg	24	static
../Drivers/BSP/Components/h3lis331dl/h3lis331dl.c:560:9:H3LIS331DL_Write_Reg	16	static
../Drivers/BSP/Components/h3lis331dl/h3lis331dl.c:576:9:H3LIS331DL_ACC_Get_DRDY_Status	16	static
../Drivers/BSP/Components/h3lis331dl/h3lis331dl.c:600:16:H3LIS331DL_ACC_SetOutputDataRate_When_Enabled	24	static
../Drivers/BSP/Components/h3lis331dl/h3lis331dl.c:632:16:H3LIS331DL_ACC_SetOutputDataRate_When_Disabled	16	static
../Drivers/BSP/Components/h3lis331dl/h3lis331dl.c:656:16:ReadRegWrap	40	static
../Drivers/BSP/Components/h3lis331dl/h3lis331dl.c:671:16:WriteRegWrap	40	static
