../Core/Inc/MS560702BA03-50/MS5607.c:59:20:MS5607_Init	24	static
../Core/Inc/MS560702BA03-50/MS5607.c:79:6:MS5607PromRead	32	static
../Core/Inc/MS560702BA03-50/MS5607.c:108:6:MS5607UncompensatedRead	24	static
../Core/Inc/MS560702BA03-50/MS5607.c:177:6:MS5607Convert	376	static
../Core/Inc/MS560702BA03-50/MS5607.c:212:6:MS5607Update	8	static
../Core/Inc/MS560702BA03-50/MS5607.c:219:8:MS5607GetTemperatureC	8	static
../Core/Inc/MS560702BA03-50/MS5607.c:224:9:MS5607GetPressurePa	4	static
../Core/Inc/MS560702BA03-50/MS5607.c:230:6:enableCSB	8	static
../Core/Inc/MS560702BA03-50/MS5607.c:236:6:disableCSB	8	static
../Core/Inc/MS560702BA03-50/MS5607.c:241:6:MS5607SetTemperatureOSR	16	static
../Core/Inc/MS560702BA03-50/MS5607.c:246:6:MS5607SetPressureOSR	16	static
../Core/Inc/MS560702BA03-50/MS5607.c:250:6:MS5607GetAltitudem	56	static
